../Core/Src/main.c:86:5:main	64	static,ignoring_inline_asm
../Core/Src/main.c:173:6:SystemClock_Config	88	static
../Core/Src/main.c:221:13:MX_TIM2_Init	48	static
../Core/Src/main.c:269:13:MX_USART2_UART_Init	8	static
../Core/Src/main.c:302:13:MX_GPIO_Init	48	static
../Core/Src/main.c:349:6:dummy_task	16	static
../Core/Src/main.c:359:6:custom_user_printf	24	static
../Core/Src/main.c:367:6:configureTimerForRunTimeStats	8	static
../Core/Src/main.c:373:10:getRunTimeCounterValue	4	static
../Core/Src/main.c:386:6:StartDefaultTask	16	static
../Core/Src/main.c:405:6:HAL_TIM_PeriodElapsedCallback	16	static
../Core/Src/main.c:426:6:Error_Handler	4	static,ignoring_inline_asm
